src/app/dashboard/page.tsx(31,25): error TS2307: Cannot find module '@/lib/context/DataContext' or its corresponding type declarations.
src/app/dashboard/page.tsx(32,23): error TS2307: Cannot find module '@/components/ui/Badge' or its corresponding type declarations.
src/app/dashboard/page.tsx(33,28): error TS2307: Cannot find module '@/components/shared/MetricCard' or its corresponding type declarations.
src/app/dashboard/page.tsx(34,33): error TS2307: Cannot find module '@/components/modals/QuickEntryModal' or its corresponding type declarations.
src/app/dashboard/page.tsx(36,20): error TS2307: Cannot find module '@/lib/utils' or its corresponding type declarations.
